anfd@ANFD-Pro lab5 % psql -U anfd -d postgres
psql (14.19 (Homebrew))
Type "help" for help.

postgres=# CREATE TABLE students (
postgres(# student_id SERIAL PRIMARY KEY,
postgres(# name text,
postgres(# email text
postgres(# );
CREATE TABLE
postgres=# INSERT INTO students (name,email) VALUES
postgres-# ('Aza baly', 'aza_swg@swaga.mail'),
postgres-# ('Aisultan boss', 'big_boss@big.mail'),
postgres-# ('test testich', 'test@mail.com');
INSERT 0 3
postgres=# \d students
                                  Table "public.students"
   Column   |  Type   | Collation | Nullable |                   Default                    
------------+---------+-----------+----------+----------------------------------------------
 student_id | integer |           | not null | nextval('students_student_id_seq'::regclass)
 name       | text    |           |          | 
 email      | text    |           |          | 
Indexes:
    "students_pkey" PRIMARY KEY, btree (student_id)

postgres=# CREATE TABLE transactions (
postgres(# transaction_id INTEGER GENERATED BY DEFAULT AS IDENTITY PRIMARY KEY,
postgres(# customer_name VARCHAR(100),
postgres(# order_date DATE DEFAULT CURRENT_DATE
postgres(# );
CREATE TABLE
postgres=# INSERT INTO transactions VALUES (1, 'Aza');
INSERT 0 1
postgres=# INSERT INTO transactions VALUES (1, 'test');
ERROR:  duplicate key value violates unique constraint "transactions_pkey"
DETAIL:  Key (transaction_id)=(1) already exists.
postgres=# INSERT INTO transactions VALUES (NULL, 'Aisultan');
ERROR:  null value in column "transaction_id" of relation "transactions" violates not-null constraint
DETAIL:  Failing row contains (null, Aisultan, 2025-09-14).
postgres=# INSERT INTO transactions VALUES (2, 'test');
INSERT 0 1
postgres=# \d
                      List of relations
 Schema |              Name               |   Type   | Owner 
--------+---------------------------------+----------+-------
 public | students                        | table    | anfd
 public | students_student_id_seq         | sequence | anfd
 public | transactions                    | table    | anfd
 public | transactions_transaction_id_seq | sequence | anfd
(4 rows)
